-- rFunc-rename --
renaming "sFunc" to "rFunc" not possible because "github.com/bjulian5/tools/internal/lsp/rename/bad" has errors
